<html>
<body>
<pre>
<h1>礦ision Build Log</h1>
<h2>Tool Versions:</h2>
IDE-Version: μVision V5.14.0.0
Copyright (C) 2015 ARM Ltd and ARM Germany GmbH. All rights reserved.
License Information: ZY L, none, LIC=9WSKC-7MZKB-LQ70Q-NZCFJ-26WJU-LCQ4Y
 
Tool Versions:
Toolchain:       MDK-ARM Standard  Version: 5.14.0.0
Toolchain Path:  D:\software\keil\mdk\ARM\ARMCC\Bin
C Compiler:      Armcc.exe V5.05 update 1 (build 106)
Assembler:       Armasm.exe V5.05 update 1 (build 106)
Linker/Locator:  ArmLink.exe V5.05 update 1 (build 106)
Library Manager: ArmAr.exe V5.05 update 1 (build 106)
Hex Converter:   FromElf.exe V5.05 update 1 (build 106)
CPU DLL:         SARMCM3.DLL V5.14.0.0
Dialog DLL:      DCM.DLL V1.13.1.0
Target DLL:      CMSIS_AGDI.dll V1.21.0.0
Dialog DLL:      TCM.DLL V1.14.4.0
 
<h2>Project:</h2>
E:\文件夹\文件\工商\大三下\无线通信技术\课程设计A\Project.uvprojx
Project File Date:  05/19/2025

<h2>Output:</h2>
Build target 'Target 1'
compiling timer1.c...
Hardware\timer1.h(5): warning:  #1-D: last line of file ends without a newline
  #endif
Hardware\timer1.c(48): warning:  #177-D: variable "sendBuffer" was declared but never referenced
          char sendBuffer[50];
Hardware\timer1.c: 2 warnings, 0 errors
compiling main.c...
.\Hardware\timer1.h(5): warning:  #1-D: last line of file ends without a newline
  #endif
User\main.c(117): warning:  #167-D: argument of type "char *" is incompatible with parameter of type "u8 *"
                                                esp_32c3_send_data(sendBuffer, 50);
User\main.c(126): warning:  #167-D: argument of type "char *" is incompatible with parameter of type "u8 *"
                                                esp_32c3_send_data(sendBuffer, 50);
User\main.c(135): warning:  #167-D: argument of type "char *" is incompatible with parameter of type "u8 *"
                                                esp_32c3_send_data(sendBuffer, 50);
User\main.c(140): warning:  #167-D: argument of type "char *" is incompatible with parameter of type "u8 *"
                        esp_32c3_send_data(sendBuffer, 50);
User\main.c(144): warning:  #167-D: argument of type "char *" is incompatible with parameter of type "u8 *"
                        esp_32c3_send_data(sendBuffer, 100);
User\main.c: 6 warnings, 0 errors
linking...
Program Size: Code=12292 RO-data=2652 RW-data=852 ZI-data=1900  
FromELF: creating hex file...
".\Objects\Project.axf" - 0 Error(s), 8 Warning(s).

<h2>Collection of Component include folders:</h2>
  E:\文件夹\文件\工商\大三下\无线通信技术\课程设计A\RTE
  D:\software\keil\mdk\ARM\PACK\Keil\STM32F1xx_DFP\2.2.0

<h2>Collection of Component Files used:</h2>
</pre>
</body>
</html>
